// Vitest Snapshot v1, https://vitest.dev/guide/snapshot.html

exports[`documents/graphql/deleteAttachment > should not change deletedAt when already deleted 1`] = `2020-01-01T00:00:00.000Z`;
